[1] imageomics/bioclip-2.5-vith14 をダウンロード中 ...
[1] 失敗: LocalEntryNotFoundError: Got: HfHubHTTPError: Server error '504 Gateway Timeout' for url 'https://huggingface.co/api/models/imageomics/bioclip-2.5-vith14/revision/main' (Amz CF ID: 2zD5l4ed0VWegAn3fxrbfWuszZMpNbjK85I8bJXV7xzaGinx8GQ8YA==)
For more information check: https://developer.mozilla.org/en-US/docs/Web/HTTP/Status/504
An error happened while trying to locate the files on the Hub, and we cannot find the appropriate snapshot folder for the specified revision on the local disk. Please check your internet connection and try again.
30s 後に再試行します（Ctrl-C で中止）...
[2] imageomics/bioclip-2.5-vith14 をダウンロード中 ...
[2] 失敗: LocalEntryNotFoundError: Got: HfHubHTTPError: Server error '504 Gateway Timeout' for url 'https://huggingface.co/api/models/imageomics/bioclip-2.5-vith14/revision/main' (Amz CF ID: EXMhWoKos3tUSyhru04cFUedaRAMYJAjM0uxd6TJeyUTVQ4IMGarQA==)
For more information check: https://developer.mozilla.org/en-US/docs/Web/HTTP/Status/504
An error happened while trying to locate the files on the Hub, and we cannot find the appropriate snapshot folder for the specified revision on the local disk. Please check your internet connection and try again.
30s 後に再試行します（Ctrl-C で中止）...
[3] imageomics/bioclip-2.5-vith14 をダウンロード中 ...
[3] 失敗: LocalEntryNotFoundError: Got: HfHubHTTPError: Server error '504 Gateway Timeout' for url 'https://huggingface.co/api/models/imageomics/bioclip-2.5-vith14/revision/main' (Amz CF ID: R0RXP7AU5JTOsCzHUSuYnQPSzVZ247X8zPkAZfszq21-zO-1FuDDIQ==)
For more information check: https://developer.mozilla.org/en-US/docs/Web/HTTP/Status/504
An error happened while trying to locate the files on the Hub, and we cannot find the appropriate snapshot folder for the specified revision on the local disk. Please check your internet connection and try again.
30s 後に再試行します（Ctrl-C で中止）...
[4] imageomics/bioclip-2.5-vith14 をダウンロード中 ...
[4] 失敗: LocalEntryNotFoundError: Got: HfHubHTTPError: Server error '504 Gateway Timeout' for url 'https://huggingface.co/api/models/imageomics/bioclip-2.5-vith14/revision/main' (Amz CF ID: QA_Sx9__A5vPJD6FKYegN5nj-2-oxC8rH5OYXbR9S-yc1MeKM6Q_tw==)
For more information check: https://developer.mozilla.org/en-US/docs/Web/HTTP/Status/504
An error happened while trying to locate the files on the Hub, and we cannot find the appropriate snapshot folder for the specified revision on the local disk. Please check your internet connection and try again.
30s 後に再試行します（Ctrl-C で中止）...
[5] imageomics/bioclip-2.5-vith14 をダウンロード中 ...
[5] 失敗: LocalEntryNotFoundError: Got: HfHubHTTPError: Server error '504 Gateway Timeout' for url 'https://huggingface.co/api/models/imageomics/bioclip-2.5-vith14/revision/main' (Amz CF ID: BH8hqXqNkXkqK7qPkHoYKMYzEWA7Ojtw62BT5qpwE03mGP4hKCUlBg==)
For more information check: https://developer.mozilla.org/en-US/docs/Web/HTTP/Status/504
An error happened while trying to locate the files on the Hub, and we cannot find the appropriate snapshot folder for the specified revision on the local disk. Please check your internet connection and try again.
30s 後に再試行します（Ctrl-C で中止）...
[6] imageomics/bioclip-2.5-vith14 をダウンロード中 ...
[6] 失敗: LocalEntryNotFoundError: Got: HfHubHTTPError: Server error '504 Gateway Timeout' for url 'https://huggingface.co/api/models/imageomics/bioclip-2.5-vith14/revision/main' (Amz CF ID: jcnE2uyuZhdXe9XA2iUFHD-sgX0-R44BSu_9wOLOXEd-u6qy86w6Pg==)
For more information check: https://developer.mozilla.org/en-US/docs/Web/HTTP/Status/504
An error happened while trying to locate the files on the Hub, and we cannot find the appropriate snapshot folder for the specified revision on the local disk. Please check your internet connection and try again.
30s 後に再試行します（Ctrl-C で中止）...
[7] imageomics/bioclip-2.5-vith14 をダウンロード中 ...
[7] 失敗: LocalEntryNotFoundError: Got: HfHubHTTPError: Server error '504 Gateway Timeout' for url 'https://huggingface.co/api/models/imageomics/bioclip-2.5-vith14/revision/main' (Amz CF ID: REM-vXb5PY0ftbLvx_5FCVOdpfiM5gwlxYSvUrgUFyqrmTRtg7JyBA==)
For more information check: https://developer.mozilla.org/en-US/docs/Web/HTTP/Status/504
An error happened while trying to locate the files on the Hub, and we cannot find the appropriate snapshot folder for the specified revision on the local disk. Please check your internet connection and try again.
30s 後に再試行します（Ctrl-C で中止）...
[8] imageomics/bioclip-2.5-vith14 をダウンロード中 ...
[8] 失敗: LocalEntryNotFoundError: Got: HfHubHTTPError: Server error '504 Gateway Time-out' for url 'https://huggingface.co/api/models/imageomics/bioclip-2.5-vith14/revision/main' (Amz CF ID: FsdEwZYegoDqfAhsEZsePlTj0oV5M-mAMmMmXLM03YoTFULnkAQYmw==)
For more information check: https://developer.mozilla.org/en-US/docs/Web/HTTP/Status/504
An error happened while trying to locate the files on the Hub, and we cannot find the appropriate snapshot folder for the specified revision on the local disk. Please check your internet connection and try again.
30s 後に再試行します（Ctrl-C で中止）...
[9] imageomics/bioclip-2.5-vith14 をダウンロード中 ...
[9] 失敗: LocalEntryNotFoundError: Got: HfHubHTTPError: Server error '504 Gateway Timeout' for url 'https://huggingface.co/api/models/imageomics/bioclip-2.5-vith14/revision/main' (Amz CF ID: yQpCSM3rYS-tne1RxAEZJlXTPJOR0rZHjYFhFmAP1A7vNY-H2Wnvfw==)
For more information check: https://developer.mozilla.org/en-US/docs/Web/HTTP/Status/504
An error happened while trying to locate the files on the Hub, and we cannot find the appropriate snapshot folder for the specified revision on the local disk. Please check your internet connection and try again.
30s 後に再試行します（Ctrl-C で中止）...
[10] imageomics/bioclip-2.5-vith14 をダウンロード中 ...
[10] 失敗: LocalEntryNotFoundError: Got: HfHubHTTPError: Server error '504 Gateway Timeout' for url 'https://huggingface.co/api/models/imageomics/bioclip-2.5-vith14/revision/main' (Amz CF ID: 3w1aB9O_-PYaCTnnegtNDcbUuK1iVPKHTptzIaI7ni5U9MhiESFR0A==)
For more information check: https://developer.mozilla.org/en-US/docs/Web/HTTP/Status/504
An error happened while trying to locate the files on the Hub, and we cannot find the appropriate snapshot folder for the specified revision on the local disk. Please check your internet connection and try again.
30s 後に再試行します（Ctrl-C で中止）...
[11] imageomics/bioclip-2.5-vith14 をダウンロード中 ...
[11] 失敗: LocalEntryNotFoundError: Got: HfHubHTTPError: Server error '504 Gateway Timeout' for url 'https://huggingface.co/api/models/imageomics/bioclip-2.5-vith14/revision/main' (Amz CF ID: 24YzniVnQnPzIy00EK_p0gTw2DlIRxV6QGUvV-jlCapjecjRhuNisw==)
For more information check: https://developer.mozilla.org/en-US/docs/Web/HTTP/Status/504
An error happened while trying to locate the files on the Hub, and we cannot find the appropriate snapshot folder for the specified revision on the local disk. Please check your internet connection and try again.
30s 後に再試行します（Ctrl-C で中止）...
[12] imageomics/bioclip-2.5-vith14 をダウンロード中 ...
Fetching 10 files:   0%|          | 0/10 [00:00<?, ?it/s]Warning: You are sending unauthenticated requests to the HF Hub. Please set a HF_TOKEN to enable higher rate limits and faster downloads.
Fetching 10 files:  10%|█         | 1/10 [00:00<00:05,  1.65it/s]Fetching 10 files:  30%|███       | 3/10 [00:00<00:01,  5.07it/s]Fetching 10 files:  30%|███       | 3/10 [00:19<00:01,  5.07it/s]Fetching 10 files:  50%|█████     | 5/10 [01:22<01:45, 21.08s/it]Fetching 10 files: 100%|██████████| 10/10 [01:22<00:00,  8.24s/it]
完了: /home/ubuntu/.cache/huggingface/hub/models--imageomics--bioclip-2.5-vith14/snapshots/191d741545e4c741cdef4b22c6eb69c945c1e592
